// Jest Snapshot v1, https://goo.gl/fbAQLP

exports[`thumbor Works with security keys 1`] = `"http://localhost/u9EGjtBDjORx_TVOdT6cyZMsvJg=/30x30/react-day-picker.png"`;
